Archive member included to satisfy reference by file (symbol)

c:/program files (x86)/atmel/studio/7.0/toolchain/avr8/avr8-gnu-toolchain/bin/../lib/gcc/avr/5.4.0/../../../../avr/lib/avrxmega6\libm.a(addsf3.o)
                              main.o (__subsf3)
c:/program files (x86)/atmel/studio/7.0/toolchain/avr8/avr8-gnu-toolchain/bin/../lib/gcc/avr/5.4.0/../../../../avr/lib/avrxmega6\libm.a(addsf3x.o)
                              c:/program files (x86)/atmel/studio/7.0/toolchain/avr8/avr8-gnu-toolchain/bin/../lib/gcc/avr/5.4.0/../../../../avr/lib/avrxmega6\libm.a(addsf3.o) (__addsf3x)
c:/program files (x86)/atmel/studio/7.0/toolchain/avr8/avr8-gnu-toolchain/bin/../lib/gcc/avr/5.4.0/../../../../avr/lib/avrxmega6\libm.a(cmpsf2.o)
                              main.o (__eqsf2)
c:/program files (x86)/atmel/studio/7.0/toolchain/avr8/avr8-gnu-toolchain/bin/../lib/gcc/avr/5.4.0/../../../../avr/lib/avrxmega6\libm.a(divsf3.o)
                              main.o (__divsf3)
c:/program files (x86)/atmel/studio/7.0/toolchain/avr8/avr8-gnu-toolchain/bin/../lib/gcc/avr/5.4.0/../../../../avr/lib/avrxmega6\libm.a(divsf3x.o)
                              c:/program files (x86)/atmel/studio/7.0/toolchain/avr8/avr8-gnu-toolchain/bin/../lib/gcc/avr/5.4.0/../../../../avr/lib/avrxmega6\libm.a(divsf3.o) (__divsf3x)
c:/program files (x86)/atmel/studio/7.0/toolchain/avr8/avr8-gnu-toolchain/bin/../lib/gcc/avr/5.4.0/../../../../avr/lib/avrxmega6\libm.a(fixsfsi.o)
                              NHD0420Driver.o (__fixsfsi)
c:/program files (x86)/atmel/studio/7.0/toolchain/avr8/avr8-gnu-toolchain/bin/../lib/gcc/avr/5.4.0/../../../../avr/lib/avrxmega6\libm.a(fixunssfsi.o)
                              c:/program files (x86)/atmel/studio/7.0/toolchain/avr8/avr8-gnu-toolchain/bin/../lib/gcc/avr/5.4.0/../../../../avr/lib/avrxmega6\libm.a(fixsfsi.o) (__fixunssfsi)
c:/program files (x86)/atmel/studio/7.0/toolchain/avr8/avr8-gnu-toolchain/bin/../lib/gcc/avr/5.4.0/../../../../avr/lib/avrxmega6\libm.a(floatsisf.o)
                              main.o (__floatunsisf)
c:/program files (x86)/atmel/studio/7.0/toolchain/avr8/avr8-gnu-toolchain/bin/../lib/gcc/avr/5.4.0/../../../../avr/lib/avrxmega6\libm.a(fp_cmp.o)
                              c:/program files (x86)/atmel/studio/7.0/toolchain/avr8/avr8-gnu-toolchain/bin/../lib/gcc/avr/5.4.0/../../../../avr/lib/avrxmega6\libm.a(cmpsf2.o) (__fp_cmp)
c:/program files (x86)/atmel/studio/7.0/toolchain/avr8/avr8-gnu-toolchain/bin/../lib/gcc/avr/5.4.0/../../../../avr/lib/avrxmega6\libm.a(fp_inf.o)
                              c:/program files (x86)/atmel/studio/7.0/toolchain/avr8/avr8-gnu-toolchain/bin/../lib/gcc/avr/5.4.0/../../../../avr/lib/avrxmega6\libm.a(addsf3x.o) (__fp_inf)
c:/program files (x86)/atmel/studio/7.0/toolchain/avr8/avr8-gnu-toolchain/bin/../lib/gcc/avr/5.4.0/../../../../avr/lib/avrxmega6\libm.a(fp_nan.o)
                              c:/program files (x86)/atmel/studio/7.0/toolchain/avr8/avr8-gnu-toolchain/bin/../lib/gcc/avr/5.4.0/../../../../avr/lib/avrxmega6\libm.a(addsf3x.o) (__fp_nan)
c:/program files (x86)/atmel/studio/7.0/toolchain/avr8/avr8-gnu-toolchain/bin/../lib/gcc/avr/5.4.0/../../../../avr/lib/avrxmega6\libm.a(fp_pscA.o)
                              c:/program files (x86)/atmel/studio/7.0/toolchain/avr8/avr8-gnu-toolchain/bin/../lib/gcc/avr/5.4.0/../../../../avr/lib/avrxmega6\libm.a(addsf3x.o) (__fp_pscA)
c:/program files (x86)/atmel/studio/7.0/toolchain/avr8/avr8-gnu-toolchain/bin/../lib/gcc/avr/5.4.0/../../../../avr/lib/avrxmega6\libm.a(fp_pscB.o)
                              c:/program files (x86)/atmel/studio/7.0/toolchain/avr8/avr8-gnu-toolchain/bin/../lib/gcc/avr/5.4.0/../../../../avr/lib/avrxmega6\libm.a(addsf3x.o) (__fp_pscB)
c:/program files (x86)/atmel/studio/7.0/toolchain/avr8/avr8-gnu-toolchain/bin/../lib/gcc/avr/5.4.0/../../../../avr/lib/avrxmega6\libm.a(fp_round.o)
                              c:/program files (x86)/atmel/studio/7.0/toolchain/avr8/avr8-gnu-toolchain/bin/../lib/gcc/avr/5.4.0/../../../../avr/lib/avrxmega6\libm.a(addsf3.o) (__fp_round)
c:/program files (x86)/atmel/studio/7.0/toolchain/avr8/avr8-gnu-toolchain/bin/../lib/gcc/avr/5.4.0/../../../../avr/lib/avrxmega6\libm.a(fp_split3.o)
                              c:/program files (x86)/atmel/studio/7.0/toolchain/avr8/avr8-gnu-toolchain/bin/../lib/gcc/avr/5.4.0/../../../../avr/lib/avrxmega6\libm.a(addsf3x.o) (__fp_split3)
c:/program files (x86)/atmel/studio/7.0/toolchain/avr8/avr8-gnu-toolchain/bin/../lib/gcc/avr/5.4.0/../../../../avr/lib/avrxmega6\libm.a(fp_zero.o)
                              c:/program files (x86)/atmel/studio/7.0/toolchain/avr8/avr8-gnu-toolchain/bin/../lib/gcc/avr/5.4.0/../../../../avr/lib/avrxmega6\libm.a(addsf3x.o) (__fp_zero)
c:/program files (x86)/atmel/studio/7.0/toolchain/avr8/avr8-gnu-toolchain/bin/../lib/gcc/avr/5.4.0/../../../../avr/lib/avrxmega6\libm.a(gesf2.o)
                              NHD0420Driver.o (__gesf2)
[...]
Memory Configuration

Name             Origin             Length             Attributes
text             0x00000000         0x00100000         xr
data             0x00802000         0x0000ffa0         rw !x
eeprom           0x00810000         0x00010000         rw !x
fuse             0x00820000         0x00000006         rw !x
lock             0x00830000         0x00000400         rw !x
signature        0x00840000         0x00000400         rw !x
user_signatures  0x00850000         0x00000400         rw !x
*default*        0x00000000         0xffffffff

Linker script and memory map

LOAD C:/Program Files (x86)/Atmel/Studio/7.0/Packs/atmel/XMEGAA_DFP/1.1.68/gcc/dev/atxmega128a3u/avrxmega6/crtatxmega128a3u.o
LOAD ButtonHandler.o
LOAD driver/clksys_driver.o
LOAD driver/pmic_driver.o
LOAD driver/port_driver.o
LOAD driver/TC_driver.o
LOAD errorHandler.o
LOAD FreeRTOS/croutine.o
LOAD FreeRTOS/event_groups.o
LOAD FreeRTOS/heap_1.o
LOAD FreeRTOS/list.o
LOAD FreeRTOS/port.o
LOAD FreeRTOS/queue.o
LOAD FreeRTOS/stream_buffer.o
LOAD FreeRTOS/tasks.o
LOAD FreeRTOS/timers.o
LOAD init.o
LOAD main.o
LOAD mem_check.o
LOAD NHD0420Driver.o
LOAD utils.o
START GROUP
LOAD c:/program files (x86)/atmel/studio/7.0/toolchain/avr8/avr8-gnu-toolchain/bin/../lib/gcc/avr/5.4.0/../../../../avr/lib/avrxmega6\libm.a
END GROUP
LOAD c:/program files (x86)/atmel/studio/7.0/toolchain/avr8/avr8-gnu-toolchain/bin/../lib/gcc/avr/5.4.0/../../../../avr/lib/avrxmega6\libprintf_flt.a
START GROUP
LOAD c:/program files (x86)/atmel/studio/7.0/toolchain/avr8/avr8-gnu-toolchain/bin/../lib/gcc/avr/5.4.0/avrxmega6\libgcc.a
LOAD c:/program files (x86)/atmel/studio/7.0/toolchain/avr8/avr8-gnu-toolchain/bin/../lib/gcc/avr/5.4.0/../../../../avr/lib/avrxmega6\libm.a
LOAD c:/program files (x86)/atmel/studio/7.0/toolchain/avr8/avr8-gnu-toolchain/bin/../lib/gcc/avr/5.4.0/../../../../avr/lib/avrxmega6\libc.a
LOAD C:/Program Files (x86)/Atmel/Studio/7.0/Packs/atmel/XMEGAA_DFP/1.1.68/gcc/dev/atxmega128a3u/avrxmega6\libatxmega128a3u.a
END GROUP
                0x00100000                __TEXT_REGION_LENGTH__ = DEFINED (__TEXT_REGION_LENGTH__)?__TEXT_REGION_LENGTH__:0x100000
                0x0000ffa0                __DATA_REGION_LENGTH__ = DEFINED (__DATA_REGION_LENGTH__)?__DATA_REGION_LENGTH__:0xffa0
                0x00010000                __EEPROM_REGION_LENGTH__ = DEFINED (__EEPROM_REGION_LENGTH__)?__EEPROM_REGION_LENGTH__:0x10000
                [0x00000006]                __FUSE_REGION_LENGTH__ = DEFINED (__FUSE_REGION_LENGTH__)?__FUSE_REGION_LENGTH__:0x400
                0x00000400                __LOCK_REGION_LENGTH__ = DEFINED (__LOCK_REGION_LENGTH__)?__LOCK_REGION_LENGTH__:0x400
                0x00000400                __SIGNATURE_REGION_LENGTH__ = DEFINED (__SIGNATURE_REGION_LENGTH__)?__SIGNATURE_REGION_LENGTH__:0x400
                0x00000400                __USER_SIGNATURE_REGION_LENGTH__ = DEFINED (__USER_SIGNATURE_REGION_LENGTH__)?__USER_SIGNATURE_REGION_LENGTH__:0x400

.hash
 *(.hash)

.dynsym
 *(.dynsym)

.dynstr
 *(.dynstr)

.gnu.version
 *(.gnu.version)

.gnu.version_d
 *(.gnu.version_d)

.gnu.version_r
 *(.gnu.version_r)

.rel.init
 *(.rel.init)

.rela.init
 *(.rela.init)

.rel.text
 *(.rel.text)
 *(.rel.text.*)
 *(.rel.gnu.linkonce.t*)

.rela.text
 *(.rela.text)
 *(.rela.text.*)
 *(.rela.gnu.linkonce.t*)

.rel.fini
 *(.rel.fini)

.rela.fini
 *(.rela.fini)

.rel.rodata
 *(.rel.rodata)
 *(.rel.rodata.*)
 *(.rel.gnu.linkonce.r*)

.rela.rodata
 *(.rela.rodata)
 *(.rela.rodata.*)
 *(.rela.gnu.linkonce.r*)

.rel.data
 *(.rel.data)
 *(.rel.data.*)
 *(.rel.gnu.linkonce.d*)

.rela.data
 *(.rela.data)
 *(.rela.data.*)
 *(.rela.gnu.linkonce.d*)

.rel.ctors
 *(.rel.ctors)

.rela.ctors
 *(.rela.ctors)

.rel.dtors
 *(.rel.dtors)

.rela.dtors
 *(.rela.dtors)

.rel.got
 *(.rel.got)

.rela.got
 *(.rela.got)

.rel.bss
 *(.rel.bss)

.rela.bss
 *(.rela.bss)

.rel.plt
 *(.rel.plt)

.rela.plt
 *(.rela.plt)

.text           0x00000000     0x72a0
 *(.vectors)
 .vectors       0x00000000      0x1fc C:/Program Files (x86)/Atmel/Studio/7.0/Packs/atmel/XMEGAA_DFP/1.1.68/gcc/dev/atxmega128a3u/avrxmega6/crtatxmega128a3u.o
                0x00000000                __vector_default
                0x00000000                __vectors
 *(.vectors)
 *(.progmem.gcc*)
 .progmem.gcc_sw_table.prvProcessReceivedCommands
                0x000001fc       0x14 FreeRTOS/timers.o
 .progmem.gcc_fplib
                0x00000210       0x28 c:/program files (x86)/atmel/studio/7.0/toolchain/avr8/avr8-gnu-toolchain/bin/../lib/gcc/avr/5.4.0/../../../../avr/lib/avrxmega6\libm.a(exp.o)
 .progmem.gcc_fplib
                0x00000238       0x5a c:/program files (x86)/atmel/studio/7.0/toolchain/avr8/avr8-gnu-toolchain/bin/../lib/gcc/avr/5.4.0/../../../../avr/lib/avrxmega6\libm.a(log.o)
                0x00000292                . = ALIGN (0x2)
                0x00000292                __trampolines_start = .
 *(.trampolines)
 .trampolines   0x00000292       0x30 linker stubs
 *(.trampolines*)
                0x000002c2                __trampolines_end = .
 *libprintf_flt.a:*(.progmem.data)
 .progmem.data  0x000002c2        0x8 c:/program files (x86)/atmel/studio/7.0/toolchain/avr8/avr8-gnu-toolchain/bin/../lib/gcc/avr/5.4.0/../../../../avr/lib/avrxmega6\libprintf_flt.a(vfprintf_flt.o)
 *libc.a:*(.progmem.data)
 .progmem.data  0x000002ca       0xfa c:/program files (x86)/atmel/studio/7.0/toolchain/avr8/avr8-gnu-toolchain/bin/../lib/gcc/avr/5.4.0/../../../../avr/lib/avrxmega6\libc.a(ftoa_engine.o)
 *(.progmem*)
                0x000003c4                . = ALIGN (0x2)
 *(.jumptables)
 *(.jumptables*)
 *(.lowtext)
 *(.lowtext*)
                0x000003c4                __ctors_start = .
 *(.ctors)
                0x000003c4                __ctors_end = .
                0x000003c4                __dtors_start = .
 *(.dtors)
                0x000003c4                __dtors_end = .
 SORT(*)(.ctors)
 SORT(*)(.dtors)
 *(.init0)
 .init0         0x000003c4        0x0 C:/Program Files (x86)/Atmel/Studio/7.0/Packs/atmel/XMEGAA_DFP/1.1.68/gcc/dev/atxmega128a3u/avrxmega6/crtatxmega128a3u.o
                0x000003c4                __init
 *(.init0)
 *(.init1)
 *(.init1)
 *(.init2)
 .init2         0x000003c4       0x10 C:/Program Files (x86)/Atmel/Studio/7.0/Packs/atmel/XMEGAA_DFP/1.1.68/gcc/dev/atxmega128a3u/avrxmega6/crtatxmega128a3u.o
 *(.init2)
 *(.init3)
 .init3         0x000003d4       0x12 mem_check.o
                0x000003d4                init_mem
 *(.init3)
 *(.init4)
 .init4         0x000003e6       0x1a c:/program files (x86)/atmel/studio/7.0/toolchain/avr8/avr8-gnu-toolchain/bin/../lib/gcc/avr/5.4.0/avrxmega6\libgcc.a(_copy_data.o)
                0x000003e6                __do_copy_data
 .init4         0x00000400       0x10 c:/program files (x86)/atmel/studio/7.0/toolchain/avr8/avr8-gnu-toolchain/bin/../lib/gcc/avr/5.4.0/avrxmega6\libgcc.a(_clear_bss.o)
                0x00000400                __do_clear_bss
 *(.init4)
 *(.init5)
 *(.init5)
 *(.init6)
 *(.init6)
 *(.init7)
 *(.init7)
 *(.init8)
 *(.init8)
 *(.init9)
 .init9         0x00000410        0x8 C:/Program Files (x86)/Atmel/Studio/7.0/Packs/atmel/XMEGAA_DFP/1.1.68/gcc/dev/atxmega128a3u/avrxmega6/crtatxmega128a3u.o
 *(.init9)
 *(.text)
 .text          0x00000418        0x4 C:/Program Files (x86)/Atmel/Studio/7.0/Packs/atmel/XMEGAA_DFP/1.1.68/gcc/dev/atxmega128a3u/avrxmega6/crtatxmega128a3u.o
                0x00000418                __vector_38
                0x00000418                __vector_104
                0x00000418                __vector_22
                0x00000418                __vector_63
                0x00000418                __vector_28
                0x00000418                __vector_67
                0x00000418                __vector_1
                0x00000418                __vector_119
                0x00000418                __vector_32
                0x00000418                __vector_75
                0x00000418                __vector_71
                0x00000418                __vector_91
                0x00000418                __vector_34
                0x00000418                __vector_62
                0x00000418                __vector_102
                0x00000418                __vector_24
                0x00000418                __vector_12
                0x00000418                __vector_55
                0x00000418                __vector_69
                0x00000418                __vector_81
                0x00000418                __vector_90
                0x00000418                __vector_46
                0x00000418                __bad_interrupt
                0x00000418                __vector_122
                0x00000418                __vector_72
                0x00000418                __vector_114
                0x00000418                __vector_6
                0x00000418                __vector_110
                0x00000418                __vector_31
                0x00000418                __vector_92
                0x00000418                __vector_35
                0x00000418                __vector_78
                0x00000418                __vector_74
                0x00000418                __vector_117
                0x00000418                __vector_39
                0x00000418                __vector_107
                0x00000418                __vector_3
                0x00000418                __vector_105
                0x00000418                __vector_98
                0x00000418                __vector_23
                0x00000418                __vector_68
                0x00000418                __vector_30
                0x00000418                __vector_73
                0x00000418                __vector_45
                0x00000418                __vector_25
                0x00000418                __vector_93
                0x00000418                __vector_61
                0x00000418                __vector_11
                0x00000418                __vector_54
                0x00000418                __vector_99
                0x00000418                __vector_13
                0x00000418                __vector_17
                0x00000418                __vector_19
                0x00000418                __vector_56
                0x00000418                __vector_7
                0x00000418                __vector_125
                0x00000418                __vector_49
                0x00000418                __vector_123
                0x00000418                __vector_41
                0x00000418                __vector_86
                0x00000418                __vector_100
                0x00000418                __vector_101
                0x00000418                __vector_64
                0x00000418                __vector_88
                0x00000418                __vector_109
                0x00000418                __vector_43
                0x00000418                __vector_27
                0x00000418                __vector_5
                0x00000418                __vector_113
                0x00000418                __vector_33
                0x00000418                __vector_76
                0x00000418                __vector_115
                0x00000418                __vector_47
                0x00000418                __vector_52
                0x00000418                __vector_37
                0x00000418                __vector_95
                0x00000418                __vector_103
                0x00000418                __vector_96
                0x00000418                __vector_89
                0x00000418                __vector_4
                0x00000418                __vector_44
                0x00000418                __vector_82
                0x00000418                __vector_106
                0x00000418                __vector_118
                0x00000418                __vector_51
                0x00000418                __vector_9
                0x00000418                __vector_2
                0x00000418                __vector_21
                0x00000418                __vector_15
                0x00000418                __vector_66
                0x00000418                __vector_36
                0x00000418                __vector_79
                0x00000418                __vector_58
                0x00000418                __vector_70
                0x00000418                __vector_83
                0x00000418                __vector_29
                0x00000418                __vector_60
                0x00000418                __vector_121
                0x00000418                __vector_40
                0x00000418                __vector_85
                0x00000418                __vector_94
                0x00000418                __vector_126
                0x00000418                __vector_8
                0x00000418                __vector_26
                0x00000418                __vector_48
                0x00000418                __vector_124
                0x00000418                __vector_116
                0x00000418                __vector_112
                0x00000418                __vector_111
                0x00000418                __vector_80
                0x00000418                __vector_84
                0x00000418                __vector_57
                0x00000418                __vector_53
                0x00000418                __vector_10
                0x00000418                __vector_50
                0x00000418                __vector_16
                0x00000418                __vector_59
                0x00000418                __vector_18
                0x00000418                __vector_97
                0x00000418                __vector_20
                0x00000418                __vector_42
                0x00000418                __vector_87
                0x00000418                __vector_65
                0x00000418                __vector_120
                0x0000041c                . = ALIGN (0x2)
 *(.text.*)
 .text.initButtons
                0x0000041c       0x38 ButtonHandler.o
                0x0000041c                initButtons
 .text.updateButtons
                0x00000454      0x1e4 ButtonHandler.o
                0x00000454                updateButtons
 .text.getButtonPress
                0x00000638       0x52 ButtonHandler.o
                0x00000638                getButtonPress
 .text.CCPWrite
                0x0000068a       0x58 driver/clksys_driver.o
                0x0000068a                CCPWrite
 .text.CLKSYS_XOSC_Config
                0x000006e2       0x3a driver/clksys_driver.o
                0x000006e2                CLKSYS_XOSC_Config
 .text.CLKSYS_PLL_Config
                0x0000071c       0x30 driver/clksys_driver.o
                0x0000071c                CLKSYS_PLL_Config
 .text.CLKSYS_Disable
                0x0000074c       0x40 driver/clksys_driver.o
                0x0000074c                CLKSYS_Disable
 .text.CLKSYS_Prescalers_Config
                0x0000078c       0x2e driver/clksys_driver.o
                0x0000078c                CLKSYS_Prescalers_Config
 .text.CLKSYS_Main_ClockSource_Select
                0x000007ba       0x44 driver/clksys_driver.o
                0x000007ba                CLKSYS_Main_ClockSource_Select
 .text.TC0_ConfigClockSource
                0x000007fe       0x38 driver/TC_driver.o
                0x000007fe                TC0_ConfigClockSource
 .text.TC0_ConfigWGM
                0x00000836       0x38 driver/TC_driver.o
                0x00000836                TC0_ConfigWGM
 .text.TC0_SetOverflowIntLevel
                0x0000086e       0x38 driver/TC_driver.o
                0x0000086e                TC0_SetOverflowIntLevel
 .text.vApplicationStackOverflowHook
                0x000008a6       0x28 errorHandler.o
                0x000008a6                vApplicationStackOverflowHook
 .text.error    0x000008ce       0x42 errorHandler.o
                0x000008ce                error
 .text.xEventGroupCreate
                0x00000910       0x46 FreeRTOS/event_groups.o
                0x00000910                xEventGroupCreate
 .text.xEventGroupWaitBits
                0x00000956      0x270 FreeRTOS/event_groups.o
                0x00000956                xEventGroupWaitBits
 .text.xEventGroupClearBits
                0x00000bc6       0x96 FreeRTOS/event_groups.o
                0x00000bc6                xEventGroupClearBits
 .text.xEventGroupSetBits
                0x00000c5c      0x210 FreeRTOS/event_groups.o
                0x00000c5c                xEventGroupSetBits
 .text.vEventGroupSetBitsCallback
                0x00000e6c       0x3c FreeRTOS/event_groups.o
                0x00000e6c                vEventGroupSetBitsCallback
 .text.prvTestWaitCondition
                0x00000ea8       0x8e FreeRTOS/event_groups.o
 .text.xEventGroupSetBitsFromISR
                0x00000f36       0x54 FreeRTOS/event_groups.o
                0x00000f36                xEventGroupSetBitsFromISR
 .text.pvPortMalloc
                0x00000f8a       0x88 FreeRTOS/heap_1.o
                0x00000f8a                pvPortMalloc
 .text.vPortFree
                0x00001012       0x1c FreeRTOS/heap_1.o
                0x00001012                vPortFree
 .text.vListInitialise
                0x0000102e       0x74 FreeRTOS/list.o
                0x0000102e                vListInitialise
 .text.vListInitialiseItem
                0x000010a2       0x26 FreeRTOS/list.o
                0x000010a2                vListInitialiseItem
 .text.vListInsertEnd
                0x000010c8       0x96 FreeRTOS/list.o
                0x000010c8                vListInsertEnd
 .text.vListInsert
                0x0000115e      0x102 FreeRTOS/list.o
                0x0000115e                vListInsert
 .text.uxListRemove
                0x00001260       0xac FreeRTOS/list.o
                0x00001260                uxListRemove
 .text._portSetInterruptMaskFromIsr
                0x0000130c       0x2e FreeRTOS/port.o
                0x0000130c                _portSetInterruptMaskFromIsr
 .text.pxPortInitialiseStack
                0x0000133a      0x3b2 FreeRTOS/port.o
                0x0000133a                pxPortInitialiseStack
 .text.xPortStartScheduler
                0x000016ec       0x70 FreeRTOS/port.o
                0x000016ec                xPortStartScheduler
 .text.vPortYield
                0x0000175c       0xc4 FreeRTOS/port.o
                0x0000175c                vPortYield
 .text.portTaskSwitchContext
                0x00001820       0x6a FreeRTOS/port.o
                0x00001820                portTaskSwitchContext
 .text.portTaskIncrementTick
                0x0000188a       0x26 FreeRTOS/port.o
 .text.__vector_14
                0x000018b0       0xca FreeRTOS/port.o
                0x000018b0                __vector_14
 .text.prvSetupTimerInterrupt
                0x0000197a       0x82 FreeRTOS/port.o
 .text.xQueueGenericReset
                0x000019fc      0x12c FreeRTOS/queue.o
                0x000019fc                xQueueGenericReset
 .text.xQueueGenericCreate
                0x00001b28       0x8c FreeRTOS/queue.o
                0x00001b28                xQueueGenericCreate
 .text.prvInitialiseNewQueue
                0x00001bb4       0x7e FreeRTOS/queue.o
 .text.xQueueGenericSend
                0x00001c32      0x184 FreeRTOS/queue.o
                0x00001c32                xQueueGenericSend
 .text.xQueueGenericSendFromISR
                0x00001db6       0xc0 FreeRTOS/queue.o
                0x00001db6                xQueueGenericSendFromISR
 .text.xQueueReceive
                0x00001e76      0x180 FreeRTOS/queue.o
                0x00001e76                xQueueReceive
 .text.uxQueueMessagesWaiting
                0x00001ff6       0x38 FreeRTOS/queue.o
                0x00001ff6                uxQueueMessagesWaiting
 .text.prvCopyDataToQueue
                0x0000202e      0x16a FreeRTOS/queue.o
 .text.prvCopyDataFromQueue
                0x00002198       0xa0 FreeRTOS/queue.o
 .text.prvUnlockQueue
                0x00002238       0xca FreeRTOS/queue.o
 .text.prvIsQueueEmpty
                0x00002302       0x42 FreeRTOS/queue.o
 .text.prvIsQueueFull
                0x00002344       0x4a FreeRTOS/queue.o
 .text.vQueueWaitForMessageRestricted
                0x0000238e       0x9c FreeRTOS/queue.o
                0x0000238e                vQueueWaitForMessageRestricted
 .text.xTaskCreate
                0x0000242a       0xee FreeRTOS/tasks.o
                0x0000242a                xTaskCreate
 .text.prvInitialiseNewTask
                0x00002518      0x1ac FreeRTOS/tasks.o
 .text.prvAddNewTaskToReadyList
                0x000026c4      0x10c FreeRTOS/tasks.o
 .text.vTaskDelay
                0x000027d0       0x5c FreeRTOS/tasks.o
                0x000027d0                vTaskDelay
 .text.vTaskStartScheduler
                0x0000282c       0x98 FreeRTOS/tasks.o
                0x0000282c                vTaskStartScheduler
 .text.vTaskSuspendAll
                0x000028c4       0x1a FreeRTOS/tasks.o
                0x000028c4                vTaskSuspendAll
 .text.xTaskResumeAll
                0x000028de      0x12e FreeRTOS/tasks.o
                0x000028de                xTaskResumeAll
 .text.xTaskGetTickCount
                0x00002a0c       0x4e FreeRTOS/tasks.o
                0x00002a0c                xTaskGetTickCount
 .text.xTaskIncrementTick
                0x00002a5a      0x220 FreeRTOS/tasks.o
                0x00002a5a                xTaskIncrementTick
 .text.vTaskSwitchContext
                0x00002c7a      0x1a0 FreeRTOS/tasks.o
                0x00002c7a                vTaskSwitchContext
 .text.vTaskPlaceOnEventList
                0x00002e1a       0x50 FreeRTOS/tasks.o
                0x00002e1a                vTaskPlaceOnEventList
 .text.vTaskPlaceOnUnorderedEventList
                0x00002e6a       0x7e FreeRTOS/tasks.o
                0x00002e6a                vTaskPlaceOnUnorderedEventList
 .text.vTaskPlaceOnEventListRestricted
                0x00002ee8       0x68 FreeRTOS/tasks.o
                0x00002ee8                vTaskPlaceOnEventListRestricted
 .text.xTaskRemoveFromEventList
                0x00002f50       0xd0 FreeRTOS/tasks.o
                0x00002f50                xTaskRemoveFromEventList
 .text.vTaskRemoveFromUnorderedEventList
                0x00003020       0xc6 FreeRTOS/tasks.o
                0x00003020                vTaskRemoveFromUnorderedEventList
 .text.vTaskInternalSetTimeOutState
                0x000030e6       0x46 FreeRTOS/tasks.o
                0x000030e6                vTaskInternalSetTimeOutState
 .text.xTaskCheckForTimeOut
                0x0000312c      0x150 FreeRTOS/tasks.o
                0x0000312c                xTaskCheckForTimeOut
 .text.vTaskMissedYield
                0x0000327c       0x16 FreeRTOS/tasks.o
                0x0000327c                vTaskMissedYield
 .text.prvIdleTask
                0x00003292       0x26 FreeRTOS/tasks.o
 .text.prvInitialiseTaskLists
                0x000032b8       0x76 FreeRTOS/tasks.o
 .text.prvCheckTasksWaitingTermination
                0x0000332e       0x10 FreeRTOS/tasks.o
 .text.prvResetNextTaskUnblockTime
                0x0000333e       0x76 FreeRTOS/tasks.o
 .text.xTaskGetSchedulerState
                0x000033b4       0x32 FreeRTOS/tasks.o
                0x000033b4                xTaskGetSchedulerState
 .text.uxTaskResetEventItemValue
                0x000033e6       0x8c FreeRTOS/tasks.o
                0x000033e6                uxTaskResetEventItemValue
 .text.prvAddCurrentTaskToDelayedList
                0x00003472      0x142 FreeRTOS/tasks.o
 .text.xTimerCreateTimerTask
                0x000035b4       0x56 FreeRTOS/timers.o
                0x000035b4                xTimerCreateTimerTask
 .text.xTimerGenericCommand
                0x0000360a       0xe6 FreeRTOS/timers.o
                0x0000360a                xTimerGenericCommand
 .text.prvProcessExpiredTimer
                0x000036f0       0xf0 FreeRTOS/timers.o
 .text.prvTimerTask
                0x000037e0       0x40 FreeRTOS/timers.o
 .text.prvProcessTimerOrBlockTask
                0x00003820       0xf6 FreeRTOS/timers.o
 .text.prvGetNextExpireTime
                0x00003916       0x7c FreeRTOS/timers.o
 .text.prvSampleTimeNow
                0x00003992       0x8a FreeRTOS/timers.o
 .text.prvInsertTimerInActiveList
                0x00003a1c      0x132 FreeRTOS/timers.o
 .text.prvProcessReceivedCommands
                0x00003b4e      0x214 FreeRTOS/timers.o
 .text.prvSwitchTimerLists
                0x00003d62      0x174 FreeRTOS/timers.o
 .text.prvCheckForValidListAndQueue
                0x00003ed6       0x68 FreeRTOS/timers.o
 .text.xTimerPendFunctionCallFromISR
                0x00003f3e       0x76 FreeRTOS/timers.o
                0x00003f3e                xTimerPendFunctionCallFromISR
 .text.vInitClock
                0x00003fb4       0xbc init.o
                0x00003fb4                vInitClock
 .text.vApplicationIdleHook
                0x00004070       0x10 main.o
                0x00004070                vApplicationIdleHook
 .text.initTimer
                0x00004080       0x3a main.o
                0x00004080                initTimer
 .text.main     0x000040ba       0xac main.o
                0x000040ba                main
 .text.__vector_77
                0x00004166       0x82 main.o
                0x00004166                __vector_77
 .text.TimerTask2
                0x000041e8       0x64 main.o
                0x000041e8                TimerTask2
 .text.DisplayTask
                0x0000424c      0x3fa main.o
                0x0000424c                DisplayTask
 .text.LeibnizTask
                0x00004646      0x284 main.o
                0x00004646                LeibnizTask
 .text.GaussTask
                0x000048ca      0x364 main.o
                0x000048ca                GaussTask
 .text.__vector_108
                0x00004c2e       0x94 NHD0420Driver.o
                0x00004c2e                __vector_108
 .text.delayUS  0x00004cc2      0x112 NHD0420Driver.o
                0x00004cc2                delayUS
 .text.setPort  0x00004dd4       0x4e NHD0420Driver.o
                0x00004dd4                setPort
 .text.setRS    0x00004e22       0x32 NHD0420Driver.o
                0x00004e22                setRS
 .text.setRW    0x00004e54       0x32 NHD0420Driver.o
                0x00004e54                setRW
 .text.setE     0x00004e86       0x32 NHD0420Driver.o
                0x00004e86                setE
 .text.Nybble   0x00004eb8       0x28 NHD0420Driver.o
                0x00004eb8                Nybble
 .text.command  0x00004ee0       0x3c NHD0420Driver.o
                0x00004ee0                command
 .text.write    0x00004f1c       0x3c NHD0420Driver.o
                0x00004f1c                write
 .text.vInitDisplay
                0x00004f58       0xbe NHD0420Driver.o
                0x00004f58                vInitDisplay
 .text._displaySetPos
                0x00005016       0x78 NHD0420Driver.o
                0x00005016                _displaySetPos
 .text._displayWriteChar
                0x0000508e       0x28 NHD0420Driver.o
                0x0000508e                _displayWriteChar
 .text._displayWriteString
                0x000050b6       0x62 NHD0420Driver.o
                0x000050b6                _displayWriteString
 .text._displayWriteStringAtPos
                0x00005118       0x3c NHD0420Driver.o
                0x00005118                _displayWriteStringAtPos
 .text.vDisplayUpdateTask
                0x00005154      0x29a NHD0420Driver.o
                0x00005154                vDisplayUpdateTask
 .text.vDisplayClear
                0x000053ee       0x24 NHD0420Driver.o
                0x000053ee                vDisplayClear
 .text.vDisplayWriteStringAtPos
                0x00005412       0x34 NHD0420Driver.o
                0x00005412                vDisplayWriteStringAtPos
 .text.display_vprintf
                0x00005446      0x4c4 NHD0420Driver.o
 .text.normalize
                0x0000590a       0xda NHD0420Driver.o
 .text.ftoa_fixed
                0x000059e4      0x29e NHD0420Driver.o
 .text.ftoa_sci
                0x00005c82      0x242 NHD0420Driver.o
 .text.getResetReason
                0x00005ec4       0xa6 utils.o
                0x00005ec4                getResetReason
 .text.avr-libc.fplib
                0x00005f6a        0xe c:/program files (x86)/atmel/studio/7.0/toolchain/avr8/avr8-gnu-toolchain/bin/../lib/gcc/avr/5.4.0/../../../../avr/lib/avrxmega6\libm.a(addsf3.o)
                0x00005f6a                __subsf3
                0x00005f6c                __addsf3
 .text.avr-libc.fplib
                0x00005f78       0xcc c:/program files (x86)/atmel/studio/7.0/toolchain/avr8/avr8-gnu-toolchain/bin/../lib/gcc/avr/5.4.0/../../../../avr/lib/avrxmega6\libm.a(addsf3x.o)
                0x00005f9a                __addsf3x
 .text.avr-libc.fplib
                0x00006044        0xa c:/program files (x86)/atmel/studio/7.0/toolchain/avr8/avr8-gnu-toolchain/bin/../lib/gcc/avr/5.4.0/../../../../avr/lib/avrxmega6\libm.a(cmpsf2.o)
                0x00006044                __nesf2
                0x00006044                __eqsf2
                0x00006044                __cmpsf2
                0x00006044                __ltsf2
                0x00006044                __lesf2
 .text.avr-libc.fplib
                0x0000604e        0x8 c:/program files (x86)/atmel/studio/7.0/toolchain/avr8/avr8-gnu-toolchain/bin/../lib/gcc/avr/5.4.0/../../../../avr/lib/avrxmega6\libm.a(divsf3.o)
                0x0000604e                __divsf3
 .text.avr-libc.fplib
                0x00006056       0xdc c:/program files (x86)/atmel/studio/7.0/toolchain/avr8/avr8-gnu-toolchain/bin/../lib/gcc/avr/5.4.0/../../../../avr/lib/avrxmega6\libm.a(divsf3x.o)
                0x00006076                __divsf3x
                0x0000607c                __divsf3_pse
 .text.avr-libc.fplib
                0x00006132        0xe c:/program files (x86)/atmel/studio/7.0/toolchain/avr8/avr8-gnu-toolchain/bin/../lib/gcc/avr/5.4.0/../../../../avr/lib/avrxmega6\libm.a(fixsfsi.o)
                0x00006132                __fixsfsi
 .text.avr-libc.fplib
                0x00006140       0x5e c:/program files (x86)/atmel/studio/7.0/toolchain/avr8/avr8-gnu-toolchain/bin/../lib/gcc/avr/5.4.0/../../../../avr/lib/avrxmega6\libm.a(fixunssfsi.o)
                0x00006140                __fixunssfsi
 .text.avr-libc.fplib
                0x0000619e       0x7a c:/program files (x86)/atmel/studio/7.0/toolchain/avr8/avr8-gnu-toolchain/bin/../lib/gcc/avr/5.4.0/../../../../avr/lib/avrxmega6\libm.a(floatsisf.o)
                0x0000619e                __floatunsisf
                0x000061a2                __floatsisf
 .text.avr-libc.fplib
                0x00006218       0x48 c:/program files (x86)/atmel/studio/7.0/toolchain/avr8/avr8-gnu-toolchain/bin/../lib/gcc/avr/5.4.0/../../../../avr/lib/avrxmega6\libm.a(fp_cmp.o)
                0x00006218                __fp_cmp
 .text.avr-libc.fplib
                0x00006260        0xc c:/program files (x86)/atmel/studio/7.0/toolchain/avr8/avr8-gnu-toolchain/bin/../lib/gcc/avr/5.4.0/../../../../avr/lib/avrxmega6\libm.a(fp_inf.o)
                0x00006260                __fp_inf
 .text.avr-libc.fplib
                0x0000626c        0x6 c:/program files (x86)/atmel/studio/7.0/toolchain/avr8/avr8-gnu-toolchain/bin/../lib/gcc/avr/5.4.0/../../../../avr/lib/avrxmega6\libm.a(fp_nan.o)
                0x0000626c                __fp_nan
 .text.avr-libc.fplib
                0x00006272        0xe c:/program files (x86)/atmel/studio/7.0/toolchain/avr8/avr8-gnu-toolchain/bin/../lib/gcc/avr/5.4.0/../../../../avr/lib/avrxmega6\libm.a(fp_pscA.o)
                0x00006272                __fp_pscA
 .text.avr-libc.fplib
                0x00006280        0xe c:/program files (x86)/atmel/studio/7.0/toolchain/avr8/avr8-gnu-toolchain/bin/../lib/gcc/avr/5.4.0/../../../../avr/lib/avrxmega6\libm.a(fp_pscB.o)
                0x00006280                __fp_pscB
 .text.avr-libc.fplib
                0x0000628e       0x22 c:/program files (x86)/atmel/studio/7.0/toolchain/avr8/avr8-gnu-toolchain/bin/../lib/gcc/avr/5.4.0/../../../../avr/lib/avrxmega6\libm.a(fp_round.o)
                0x0000628e                __fp_round
 .text.avr-libc.fplib
                0x000062b0       0x44 c:/program files (x86)/atmel/studio/7.0/toolchain/avr8/avr8-gnu-toolchain/bin/../lib/gcc/avr/5.4.0/../../../../avr/lib/avrxmega6\libm.a(fp_split3.o)
                0x000062b0                __fp_split3
                0x000062c0                __fp_splitA
 .text.avr-libc.fplib
                0x000062f4        0xe c:/program files (x86)/atmel/studio/7.0/toolchain/avr8/avr8-gnu-toolchain/bin/../lib/gcc/avr/5.4.0/../../../../avr/lib/avrxmega6\libm.a(fp_zero.o)
                0x000062f4                __fp_zero
                0x000062f6                __fp_szero
 .text.avr-libc.fplib
                0x00006302        0xa c:/program files (x86)/atmel/studio/7.0/toolchain/avr8/avr8-gnu-toolchain/bin/../lib/gcc/avr/5.4.0/../../../../avr/lib/avrxmega6\libm.a(gesf2.o)
                0x00006302                __gesf2
                0x00006302                __gtsf2
 .text.avr-libc.fplib
                0x0000630c        0x8 c:/program files (x86)/atmel/studio/7.0/toolchain/avr8/avr8-gnu-toolchain/bin/../lib/gcc/avr/5.4.0/../../../../avr/lib/avrxmega6\libm.a(mulsf3.o)
                0x0000630c                __mulsf3
 .text.avr-libc.fplib
                0x00006314       0xd2 c:/program files (x86)/atmel/studio/7.0/toolchain/avr8/avr8-gnu-toolchain/bin/../lib/gcc/avr/5.4.0/../../../../avr/lib/avrxmega6\libm.a(mulsf3x.o)
                0x00006332                __mulsf3x
                0x00006338                __mulsf3_pse
 .text.avr-libc.fplib
                0x000063e6       0xa0 c:/program files (x86)/atmel/studio/7.0/toolchain/avr8/avr8-gnu-toolchain/bin/../lib/gcc/avr/5.4.0/../../../../avr/lib/avrxmega6\libm.a(pow.o)
                0x000063e6                pow
 .text.avr-libc.fplib
                0x00006486       0x8c c:/program files (x86)/atmel/studio/7.0/toolchain/avr8/avr8-gnu-toolchain/bin/../lib/gcc/avr/5.4.0/../../../../avr/lib/avrxmega6\libm.a(sqrt.o)
                0x00006492                sqrtf
                0x00006492                sqrt
 .text.avr-libc.fplib
                0x00006512       0x74 c:/program files (x86)/atmel/studio/7.0/toolchain/avr8/avr8-gnu-toolchain/bin/../lib/gcc/avr/5.4.0/../../../../avr/lib/avrxmega6\libm.a(exp.o)
                0x00006522                exp
 .text.avr-libc.fplib
                0x00006586       0x1c c:/program files (x86)/atmel/studio/7.0/toolchain/avr8/avr8-gnu-toolchain/bin/../lib/gcc/avr/5.4.0/../../../../avr/lib/avrxmega6\libm.a(fp_mpack.o)
                0x00006586                __fp_mpack
                0x0000658a                __fp_mpack_finite
 .text.avr-libc.fplib
                0x000065a2        0xe c:/program files (x86)/atmel/studio/7.0/toolchain/avr8/avr8-gnu-toolchain/bin/../lib/gcc/avr/5.4.0/../../../../avr/lib/avrxmega6\libm.a(fp_norm2.o)
                0x000065a2                __fp_norm2
 .text.avr-libc.fplib
                0x000065b0       0x4e c:/program files (x86)/atmel/studio/7.0/toolchain/avr8/avr8-gnu-toolchain/bin/../lib/gcc/avr/5.4.0/../../../../avr/lib/avrxmega6\libm.a(fp_powser.o)
                0x000065b0                __fp_powser
 .text.avr-libc.fplib
                0x000065fe       0x10 c:/program files (x86)/atmel/studio/7.0/toolchain/avr8/avr8-gnu-toolchain/bin/../lib/gcc/avr/5.4.0/../../../../avr/lib/avrxmega6\libm.a(inverse.o)
                0x000065fe                inverse
 .text.avr-libc.fplib
                0x0000660e       0x74 c:/program files (x86)/atmel/studio/7.0/toolchain/avr8/avr8-gnu-toolchain/bin/../lib/gcc/avr/5.4.0/../../../../avr/lib/avrxmega6\libm.a(ldexp.o)
                0x00006616                ldexp
 .text.avr-libc.fplib
                0x00006682       0xa0 c:/program files (x86)/atmel/studio/7.0/toolchain/avr8/avr8-gnu-toolchain/bin/../lib/gcc/avr/5.4.0/../../../../avr/lib/avrxmega6\libm.a(log.o)
                0x00006692                log
 .text.avr-libc.fplib
                0x00006722       0x68 c:/program files (x86)/atmel/studio/7.0/toolchain/avr8/avr8-gnu-toolchain/bin/../lib/gcc/avr/5.4.0/../../../../avr/lib/avrxmega6\libm.a(modf.o)
                0x00006722                modf
                0x00006722                modff
 .text.avr-libc
                0x0000678a      0x740 c:/program files (x86)/atmel/studio/7.0/toolchain/avr8/avr8-gnu-toolchain/bin/../lib/gcc/avr/5.4.0/../../../../avr/lib/avrxmega6\libprintf_flt.a(vfprintf_flt.o)
                0x0000678a                vfprintf
 .text.libgcc   0x00006eca       0x10 c:/program files (x86)/atmel/studio/7.0/toolchain/avr8/avr8-gnu-toolchain/bin/../lib/gcc/avr/5.4.0/avrxmega6\libgcc.a(_tablejump2.o)
                0x00006eca                __tablejump2__
 .text.avr-libc
                0x00006eda      0x1b0 c:/program files (x86)/atmel/studio/7.0/toolchain/avr8/avr8-gnu-toolchain/bin/../lib/gcc/avr/5.4.0/../../../../avr/lib/avrxmega6\libc.a(ftoa_engine.o)
                0x00006eda                __ftoa_engine
 .text.avr-libc
                0x0000708a       0x16 c:/program files (x86)/atmel/studio/7.0/toolchain/avr8/avr8-gnu-toolchain/bin/../lib/gcc/avr/5.4.0/../../../../avr/lib/avrxmega6\libc.a(strnlen_P.o)
                0x0000708a                strnlen_P
 .text.avr-libc
                0x000070a0       0x12 c:/program files (x86)/atmel/studio/7.0/toolchain/avr8/avr8-gnu-toolchain/bin/../lib/gcc/avr/5.4.0/../../../../avr/lib/avrxmega6\libc.a(memcpy.o)
                0x000070a0                memcpy
 .text.avr-libc
                0x000070b2        0xe c:/program files (x86)/atmel/studio/7.0/toolchain/avr8/avr8-gnu-toolchain/bin/../lib/gcc/avr/5.4.0/../../../../avr/lib/avrxmega6\libc.a(memset.o)
                0x000070b2                memset
 .text.avr-libc
                0x000070c0       0x12 c:/program files (x86)/atmel/studio/7.0/toolchain/avr8/avr8-gnu-toolchain/bin/../lib/gcc/avr/5.4.0/../../../../avr/lib/avrxmega6\libc.a(strlen.o)
                0x000070c0                strlen
 .text.avr-libc
                0x000070d2       0x16 c:/program files (x86)/atmel/studio/7.0/toolchain/avr8/avr8-gnu-toolchain/bin/../lib/gcc/avr/5.4.0/../../../../avr/lib/avrxmega6\libc.a(strnlen.o)
                0x000070d2                strnlen
 .text.avr-libc
                0x000070e8       0x16 c:/program files (x86)/atmel/studio/7.0/toolchain/avr8/avr8-gnu-toolchain/bin/../lib/gcc/avr/5.4.0/../../../../avr/lib/avrxmega6\libc.a(itoa.o)
                0x000070e8                __itoa
                0x000070e8                itoa
 .text.avr-libc
                0x000070fe       0x16 c:/program files (x86)/atmel/studio/7.0/toolchain/avr8/avr8-gnu-toolchain/bin/../lib/gcc/avr/5.4.0/../../../../avr/lib/avrxmega6\libc.a(itoa_ncheck.o)
                0x000070fe                __itoa_ncheck
 .text.avr-libc
                0x00007114       0x34 c:/program files (x86)/atmel/studio/7.0/toolchain/avr8/avr8-gnu-toolchain/bin/../lib/gcc/avr/5.4.0/../../../../avr/lib/avrxmega6\libc.a(utoa_ncheck.o)
                0x00007114                __utoa_ncheck
                0x00007116                __utoa_common
 .text.avr-libc
                0x00007148       0x78 c:/program files (x86)/atmel/studio/7.0/toolchain/avr8/avr8-gnu-toolchain/bin/../lib/gcc/avr/5.4.0/../../../../avr/lib/avrxmega6\libc.a(fputc.o)
                0x00007148                fputc
 .text.avr-libc
                0x000071c0       0xbc c:/program files (x86)/atmel/studio/7.0/toolchain/avr8/avr8-gnu-toolchain/bin/../lib/gcc/avr/5.4.0/../../../../avr/lib/avrxmega6\libc.a(ultoa_invert.o)
                0x000071c0                __ultoa_invert
 .text.avr-libc
                0x0000727c       0x20 c:/program files (x86)/atmel/studio/7.0/toolchain/avr8/avr8-gnu-toolchain/bin/../lib/gcc/avr/5.4.0/../../../../avr/lib/avrxmega6\libc.a(strrev.o)
                0x0000727c                strrev
                0x0000729c                . = ALIGN (0x2)
 *(.fini9)
 .fini9         0x0000729c        0x0 c:/program files (x86)/atmel/studio/7.0/toolchain/avr8/avr8-gnu-toolchain/bin/../lib/gcc/avr/5.4.0/avrxmega6\libgcc.a(_exit.o)
                0x0000729c                _exit
                0x0000729c                exit
 *(.fini9)
 *(.fini8)
 *(.fini8)
 *(.fini7)
 *(.fini7)
 *(.fini6)
 *(.fini6)
 *(.fini5)
 *(.fini5)
 *(.fini4)
 *(.fini4)
 *(.fini3)
 *(.fini3)
 *(.fini2)
 *(.fini2)
 *(.fini1)
 *(.fini1)
 *(.fini0)
 .fini0         0x0000729c        0x4 c:/program files (x86)/atmel/studio/7.0/toolchain/avr8/avr8-gnu-toolchain/bin/../lib/gcc/avr/5.4.0/avrxmega6\libgcc.a(_exit.o)
 *(.fini0)
                0x000072a0                _etext = .

.data           0x00802000       0x74 load address 0x000072a0
                0x00802000                PROVIDE (__data_start, .)
 *(.data)
 *(.data*)
 *(.gnu.linkonce.d*)
 *(.rodata)
 .rodata        0x00802000        0x5 FreeRTOS/tasks.o
 .rodata        0x00802005        0x8 FreeRTOS/timers.o
 .rodata        0x0080200d       0x58 main.o
 .rodata        0x00802065        0xb NHD0420Driver.o
 *(.rodata*)
 .rodata.width.5062
                0x00802070        0x2 NHD0420Driver.o
 .rodata.width.5079
                0x00802072        0x2 NHD0420Driver.o
 *(.gnu.linkonce.r*)
                0x00802074                . = ALIGN (0x2)
                0x00802074                _edata = .
                0x00802074                PROVIDE (__data_end, .)

.bss            0x00802074      0xc91
                0x00802074                PROVIDE (__bss_start, .)
 *(.bss)
 *(.bss*)
 .bss.b1Count.3829
                0x00802074        0x2 ButtonHandler.o
 .bss.b2Count.3830
                0x00802076        0x2 ButtonHandler.o
 .bss.b3Count.3831
                0x00802078        0x2 ButtonHandler.o
 .bss.b4Count.3832
                0x0080207a        0x2 ButtonHandler.o
 .bss.xHeap     0x0080207c      0xbb8 FreeRTOS/heap_1.o
 .bss.xNextFreeByte
                0x00802c34        0x2 FreeRTOS/heap_1.o
 .bss.pxCurrentTCB
                0x00802c36        0x2 FreeRTOS/tasks.o
                0x00802c36                pxCurrentTCB
 .bss.pxReadyTasksLists
                0x00802c38       0x2c FreeRTOS/tasks.o
 .bss.xDelayedTaskList1
                0x00802c64        0xb FreeRTOS/tasks.o
 .bss.xDelayedTaskList2
                0x00802c6f        0xb FreeRTOS/tasks.o
 .bss.pxDelayedTaskList
                0x00802c7a        0x2 FreeRTOS/tasks.o
 .bss.pxOverflowDelayedTaskList
                0x00802c7c        0x2 FreeRTOS/tasks.o
 .bss.xPendingReadyList
                0x00802c7e        0xb FreeRTOS/tasks.o
 .bss.xSuspendedTaskList
                0x00802c89        0xb FreeRTOS/tasks.o
 .bss.uxCurrentNumberOfTasks
                0x00802c94        0x1 FreeRTOS/tasks.o
 .bss.xTickCount
                0x00802c95        0x4 FreeRTOS/tasks.o
 .bss.uxTopReadyPriority
                0x00802c99        0x1 FreeRTOS/tasks.o
 .bss.xSchedulerRunning
                0x00802c9a        0x1 FreeRTOS/tasks.o
 .bss.uxPendedTicks
                0x00802c9b        0x1 FreeRTOS/tasks.o
 .bss.xYieldPending
                0x00802c9c        0x1 FreeRTOS/tasks.o
 .bss.xNumOfOverflows
                0x00802c9d        0x1 FreeRTOS/tasks.o
 .bss.uxTaskNumber
                0x00802c9e        0x1 FreeRTOS/tasks.o
 .bss.xNextTaskUnblockTime
                0x00802c9f        0x4 FreeRTOS/tasks.o
 .bss.xIdleTaskHandle
                0x00802ca3        0x2 FreeRTOS/tasks.o
 .bss.uxSchedulerSuspended
                0x00802ca5        0x1 FreeRTOS/tasks.o
 .bss.xActiveTimerList1
                0x00802ca6        0xb FreeRTOS/timers.o
 .bss.xActiveTimerList2
                0x00802cb1        0xb FreeRTOS/timers.o
 .bss.pxCurrentTimerList
                0x00802cbc        0x2 FreeRTOS/timers.o
 .bss.pxOverflowTimerList
                0x00802cbe        0x2 FreeRTOS/timers.o
 .bss.xTimerQueue
                0x00802cc0        0x2 FreeRTOS/timers.o
 .bss.xTimerTaskHandle
                0x00802cc2        0x2 FreeRTOS/timers.o
 .bss.xLastTime.4745
                0x00802cc4        0x4 FreeRTOS/timers.o
 .bss.TimerEventGroup
                0x00802cc8        0x2 main.o
                0x00802cc8                TimerEventGroup
 .bss.Displaymode.4970
                0x00802cca        0x1 main.o
 .bss.buffer.4995
                0x00802ccb       0x14 NHD0420Driver.o
 .bss.str.4996  0x00802cdf       0x14 NHD0420Driver.o
 *(COMMON)
 COMMON         0x00802cf3        0x4 ButtonHandler.o
                0x00802cf3                b1Status
                0x00802cf4                b2Status
                0x00802cf5                b3Status
                0x00802cf6                b4Status
 COMMON         0x00802cf7        0x1 FreeRTOS/port.o
                0x00802cf7                intTaskSwitchPending
 COMMON         0x00802cf8        0x9 main.o
                0x00802cf8                pi_leibniz
                0x00802cfc                display_aktualisieren
                0x00802cfd                pi_Gauss
 COMMON         0x00802d01        0x4 NHD0420Driver.o
                0x00802d01                displayLineQueue
                0x00802d03                egDisplayTiming
                0x00802d05                PROVIDE (__bss_end, .)
                0x000072a0                __data_load_start = LOADADDR (.data)
                0x00007314                __data_load_end = (__data_load_start + SIZEOF (.data))

.noinit         0x00802d05        0x0
                [!provide]                PROVIDE (__noinit_start, .)
 *(.noinit*)
                [!provide]                PROVIDE (__noinit_end, .)
                0x00802d05                _end = .
                0x00802d05                PROVIDE (__heap_start, .)

.eeprom         0x00810000        0x0
 *(.eeprom*)
                0x00810000                __eeprom_end = .

.fuse
 *(.fuse)
 *(.lfuse)
 *(.hfuse)
 *(.efuse)

.lock
 *(.lock*)

.signature
 *(.signature*)

.user_signatures
 *(.user_signatures*)

.stab
 *(.stab)

.stabstr
 *(.stabstr)

.stab.excl
 *(.stab.excl)

.stab.exclstr
 *(.stab.exclstr)

.stab.index
 *(.stab.index)

.stab.indexstr
 *(.stab.indexstr)

.comment        0x00000000       0x5c
 *(.comment)
 .comment       0x00000000       0x30 ButtonHandler.o
                                 0x31 (size before relaxing)
 .comment       0x00000030       0x31 driver/clksys_driver.o
 .comment       0x00000030       0x31 driver/TC_driver.o
 .comment       0x00000030       0x31 errorHandler.o
 .comment       0x00000030       0x31 FreeRTOS/event_groups.o
 .comment       0x00000030       0x31 FreeRTOS/heap_1.o
 .comment       0x00000030       0x31 FreeRTOS/list.o
 .comment       0x00000030       0x31 FreeRTOS/port.o
 .comment       0x00000030       0x31 FreeRTOS/queue.o
 .comment       0x00000030       0x31 FreeRTOS/tasks.o
 .comment       0x00000030       0x31 FreeRTOS/timers.o
 .comment       0x00000030       0x31 init.o
 .comment       0x00000030       0x31 main.o
 .comment       0x00000030       0x31 mem_check.o
 .comment       0x00000030       0x31 NHD0420Driver.o
 .comment       0x00000030       0x31 utils.o
 .comment       0x00000030       0x2c c:/program files (x86)/atmel/studio/7.0/toolchain/avr8/avr8-gnu-toolchain/bin/../lib/gcc/avr/5.4.0/../../../../avr/lib/avrxmega6\libprintf_flt.a(vfprintf_flt.o)
                                 0x2d (size before relaxing)
 .comment       0x0000005c       0x31 c:/program files (x86)/atmel/studio/7.0/toolchain/avr8/avr8-gnu-toolchain/bin/../lib/gcc/avr/5.4.0/../../../../avr/lib/avrxmega6\libc.a(fputc.o)

.note.gnu.avr.deviceinfo
                0x00000000       0x40
 .note.gnu.avr.deviceinfo
                0x00000000       0x40 C:/Program Files (x86)/Atmel/Studio/7.0/Packs/atmel/XMEGAA_DFP/1.1.68/gcc/dev/atxmega128a3u/avrxmega6/crtatxmega128a3u.o

.note.gnu.build-id
 *(.note.gnu.build-id)

.debug
 *(.debug)

.line
 *(.line)

.debug_srcinfo
 *(.debug_srcinfo)

.debug_sfnames
 *(.debug_sfnames)

.debug_aranges  0x00000000      0x820
 *(.debug_aranges)
 .debug_aranges
                0x00000000       0x30 ButtonHandler.o
 .debug_aranges
                0x00000030       0x68 driver/clksys_driver.o
 .debug_aranges
                0x00000098       0xc8 driver/TC_driver.o
 .debug_aranges
                0x00000160       0x40 errorHandler.o
 .debug_aranges
                0x000001a0       0x88 FreeRTOS/event_groups.o
 .debug_aranges
                0x00000228       0x38 FreeRTOS/heap_1.o
 .debug_aranges
                0x00000260       0x40 FreeRTOS/list.o
 .debug_aranges
                0x000002a0       0x60 FreeRTOS/port.o
 .debug_aranges
                0x00000300      0x108 FreeRTOS/queue.o
 .debug_aranges
                0x00000408      0x1b0 FreeRTOS/tasks.o
 .debug_aranges
                0x000005b8       0xd8 FreeRTOS/timers.o
 .debug_aranges
                0x00000690       0x20 init.o
 .debug_aranges
                0x000006b0       0x58 main.o
 .debug_aranges
                0x00000708       0x28 mem_check.o
 .debug_aranges
                0x00000730       0xd0 NHD0420Driver.o
 .debug_aranges
                0x00000800       0x20 utils.o

.debug_pubnames
 *(.debug_pubnames)

.debug_info     0x00000000     0xba70
 *(.debug_info .gnu.linkonce.wi.*)
 .debug_info    0x00000000     0x3409 C:/Program Files (x86)/Atmel/Studio/7.0/Packs/atmel/XMEGAA_DFP/1.1.68/gcc/dev/atxmega128a3u/avrxmega6/crtatxmega128a3u.o
 .debug_info    0x00003409      0x35c ButtonHandler.o
 .debug_info    0x00003765      0x5f4 driver/clksys_driver.o
 .debug_info    0x00003d59     0x12d3 driver/TC_driver.o
 .debug_info    0x0000502c      0x1c7 errorHandler.o
 .debug_info    0x000051f3      0x8ae FreeRTOS/event_groups.o
 .debug_info    0x00005aa1      0x16c FreeRTOS/heap_1.o
 .debug_info    0x00005c0d      0x2b5 FreeRTOS/list.o
 .debug_info    0x00005ec2      0x9ef FreeRTOS/port.o
 .debug_info    0x000068b1      0xfc1 FreeRTOS/queue.o
 .debug_info    0x00007872     0x1770 FreeRTOS/tasks.o
 .debug_info    0x00008fe2      0xbb3 FreeRTOS/timers.o
 .debug_info    0x00009b95      0x243 init.o
 .debug_info    0x00009dd8      0xa3d main.o
 .debug_info    0x0000a815       0xd2 mem_check.o
 .debug_info    0x0000a8e7     0x1070 NHD0420Driver.o
 .debug_info    0x0000b957      0x119 utils.o

.debug_abbrev   0x00000000     0x47be
 *(.debug_abbrev)
 .debug_abbrev  0x00000000     0x3148 C:/Program Files (x86)/Atmel/Studio/7.0/Packs/atmel/XMEGAA_DFP/1.1.68/gcc/dev/atxmega128a3u/avrxmega6/crtatxmega128a3u.o
 .debug_abbrev  0x00003148      0x111 ButtonHandler.o
 .debug_abbrev  0x00003259      0x159 driver/clksys_driver.o
 .debug_abbrev  0x000033b2      0x15a driver/TC_driver.o
 .debug_abbrev  0x0000350c      0x117 errorHandler.o
 .debug_abbrev  0x00003623      0x185 FreeRTOS/event_groups.o
 .debug_abbrev  0x000037a8      0x10a FreeRTOS/heap_1.o
 .debug_abbrev  0x000038b2       0xc7 FreeRTOS/list.o
 .debug_abbrev  0x00003979      0x1f7 FreeRTOS/port.o
 .debug_abbrev  0x00003b70      0x20a FreeRTOS/queue.o
 .debug_abbrev  0x00003d7a      0x26d FreeRTOS/tasks.o
 .debug_abbrev  0x00003fe7      0x1ce FreeRTOS/timers.o
 .debug_abbrev  0x000041b5       0x9d init.o
 .debug_abbrev  0x00004252      0x1c1 main.o
 .debug_abbrev  0x00004413       0x98 mem_check.o
 .debug_abbrev  0x000044ab      0x265 NHD0420Driver.o
 .debug_abbrev  0x00004710       0xae utils.o

.debug_line     0x00000000     0x5a52
 *(.debug_line .debug_line.* .debug_line_end)
 .debug_line    0x00000000      0x39d C:/Program Files (x86)/Atmel/Studio/7.0/Packs/atmel/XMEGAA_DFP/1.1.68/gcc/dev/atxmega128a3u/avrxmega6/crtatxmega128a3u.o
 .debug_line    0x0000039d      0x271 ButtonHandler.o
 .debug_line    0x0000060e      0x2c4 driver/clksys_driver.o
 .debug_line    0x000008d2      0x398 driver/TC_driver.o
 .debug_line    0x00000c6a      0x1e1 errorHandler.o
 .debug_line    0x00000e4b      0x5a0 FreeRTOS/event_groups.o
 .debug_line    0x000013eb      0x148 FreeRTOS/heap_1.o
 .debug_line    0x00001533      0x200 FreeRTOS/list.o
 .debug_line    0x00001733      0x4c5 FreeRTOS/port.o
 .debug_line    0x00001bf8      0xe21 FreeRTOS/queue.o
 .debug_line    0x00002a19     0x1566 FreeRTOS/tasks.o
 .debug_line    0x00003f7f      0x6dc FreeRTOS/timers.o
 .debug_line    0x0000465b      0x162 init.o
 .debug_line    0x000047bd      0x55f main.o
 .debug_line    0x00004d1c       0x8a mem_check.o
 .debug_line    0x00004da6      0xb3e NHD0420Driver.o
 .debug_line    0x000058e4      0x16e utils.o

.debug_frame    0x00000000     0x1fb8
 *(.debug_frame)
 .debug_frame   0x00000000       0x74 ButtonHandler.o
 .debug_frame   0x00000074      0x15c driver/clksys_driver.o
 .debug_frame   0x000001d0      0x2d4 driver/TC_driver.o
 .debug_frame   0x000004a4       0xb4 errorHandler.o
 .debug_frame   0x00000558      0x234 FreeRTOS/event_groups.o
 .debug_frame   0x0000078c       0x94 FreeRTOS/heap_1.o
 .debug_frame   0x00000820       0xb4 FreeRTOS/list.o
 .debug_frame   0x000008d4      0x124 FreeRTOS/port.o
 .debug_frame   0x000009f8      0x3f4 FreeRTOS/queue.o
 .debug_frame   0x00000dec      0x788 FreeRTOS/tasks.o
 .debug_frame   0x00001574      0x438 FreeRTOS/timers.o
 .debug_frame   0x000019ac       0x34 init.o
 .debug_frame   0x000019e0      0x1cc main.o
 .debug_frame   0x00001bac       0x44 mem_check.o
 .debug_frame   0x00001bf0      0x394 NHD0420Driver.o
 .debug_frame   0x00001f84       0x34 utils.o

.debug_str      0x00000000     0x56bf
 *(.debug_str)
 .debug_str     0x00000000     0x223b C:/Program Files (x86)/Atmel/Studio/7.0/Packs/atmel/XMEGAA_DFP/1.1.68/gcc/dev/atxmega128a3u/avrxmega6/crtatxmega128a3u.o
 .debug_str     0x0000223b      0x31f ButtonHandler.o
                                0x353 (size before relaxing)
 .debug_str     0x0000255a      0x640 driver/clksys_driver.o
                                0x7cf (size before relaxing)
 .debug_str     0x00002b9a      0xb24 driver/TC_driver.o
                                0xccc (size before relaxing)
 .debug_str     0x000036be       0xaa errorHandler.o
                                0x258 (size before relaxing)
 .debug_str     0x00003768      0x453 FreeRTOS/event_groups.o
                                0x66f (size before relaxing)
 .debug_str     0x00003bbb       0xa1 FreeRTOS/heap_1.o
                                0x20e (size before relaxing)
 .debug_str     0x00003c5c       0xa0 FreeRTOS/list.o
                                0x2c3 (size before relaxing)
 .debug_str     0x00003cfc      0x156 FreeRTOS/port.o
                                0x812 (size before relaxing)
 .debug_str     0x00003e52      0x471 FreeRTOS/queue.o
                                0x804 (size before relaxing)
 .debug_str     0x000042c3      0xa94 FreeRTOS/tasks.o
                                0xf12 (size before relaxing)
 .debug_str     0x00004d57      0x508 FreeRTOS/timers.o
                                0x7d0 (size before relaxing)
 .debug_str     0x0000525f       0x17 init.o
                                0x4a8 (size before relaxing)
 .debug_str     0x00005276      0x1c0 main.o
                                0x827 (size before relaxing)
 .debug_str     0x00005436       0x49 mem_check.o
                                0x1b8 (size before relaxing)
 .debug_str     0x0000547f      0x218 NHD0420Driver.o
                                0x9a8 (size before relaxing)
 .debug_str     0x00005697       0x28 utils.o
                                0x242 (size before relaxing)

.debug_loc      0x00000000     0x4345
 *(.debug_loc)
 .debug_loc     0x00000000       0xbe ButtonHandler.o
 .debug_loc     0x000000be      0x2c3 driver/clksys_driver.o
 .debug_loc     0x00000381      0x630 driver/TC_driver.o
 .debug_loc     0x000009b1      0x14e errorHandler.o
 .debug_loc     0x00000aff      0x4c4 FreeRTOS/event_groups.o
 .debug_loc     0x00000fc3      0x106 FreeRTOS/heap_1.o
 .debug_loc     0x000010c9      0x167 FreeRTOS/list.o
 .debug_loc     0x00001230      0x1ea FreeRTOS/port.o
 .debug_loc     0x0000141a      0x89f FreeRTOS/queue.o
 .debug_loc     0x00001cb9     0x10ac FreeRTOS/tasks.o
 .debug_loc     0x00002d65      0x964 FreeRTOS/timers.o
 .debug_loc     0x000036c9       0x3b init.o
 .debug_loc     0x00003704      0x3ea main.o
 .debug_loc     0x00003aee       0x48 mem_check.o
 .debug_loc     0x00003b36      0x7c7 NHD0420Driver.o
 .debug_loc     0x000042fd       0x48 utils.o

.debug_macinfo
 *(.debug_macinfo)

.debug_weaknames
 *(.debug_weaknames)

.debug_funcnames
 *(.debug_funcnames)

.debug_typenames
 *(.debug_typenames)

.debug_varnames
 *(.debug_varnames)

.debug_pubtypes
 *(.debug_pubtypes)

.debug_ranges   0x00000000      0x738
 *(.debug_ranges)
 .debug_ranges  0x00000000       0x20 ButtonHandler.o
 .debug_ranges  0x00000020       0x58 driver/clksys_driver.o
 .debug_ranges  0x00000078       0xb8 driver/TC_driver.o
 .debug_ranges  0x00000130       0x30 errorHandler.o
 .debug_ranges  0x00000160       0x78 FreeRTOS/event_groups.o
 .debug_ranges  0x000001d8       0x28 FreeRTOS/heap_1.o
 .debug_ranges  0x00000200       0x30 FreeRTOS/list.o
 .debug_ranges  0x00000230       0x50 FreeRTOS/port.o
 .debug_ranges  0x00000280       0xf8 FreeRTOS/queue.o
 .debug_ranges  0x00000378      0x1a0 FreeRTOS/tasks.o
 .debug_ranges  0x00000518       0xc8 FreeRTOS/timers.o
 .debug_ranges  0x000005e0       0x10 init.o
 .debug_ranges  0x000005f0       0x48 main.o
 .debug_ranges  0x00000638       0x18 mem_check.o
 .debug_ranges  0x00000650       0xd8 NHD0420Driver.o
 .debug_ranges  0x00000728       0x10 utils.o

.debug_macro
 *(.debug_macro)
OUTPUT(Pi Calc.elf elf32-avr)
LOAD linker stubs
